[sira.webrouk.com/html/dark/index.html]
[backblue.gif]
[fade.gif]
[index.html]
[sira.webrouk.com/html/dark/images/sira-icon.png]
[sira.webrouk.com/html/dark/css/font-awesome.min.css]
[sira.webrouk.com/html/dark/css/normalize.min.css]
[sira.webrouk.com/html/dark/css/animate.min.css]
[sira.webrouk.com/html/dark/css/style.css]
[sira.webrouk.com/html/dark/images/man.png]
[sira.webrouk.com/html/dark/images/work/work-1.jpg]
[sira.webrouk.com/html/dark/images/work/work-2.jpg]
[sira.webrouk.com/html/dark/images/work/work-3.jpg]
[sira.webrouk.com/html/dark/images/work/work-4.jpg]
[sira.webrouk.com/html/dark/images/work/work-5.jpg]
[sira.webrouk.com/html/dark/images/work/work-6.jpg]
[sira.webrouk.com/html/dark/images/work/work-7.jpg]
[sira.webrouk.com/html/dark/images/work/work-8.jpg]
[sira.webrouk.com/html/dark/js/jquery-1.12.0.min.js]
[sira.webrouk.com/html/dark/js/jquery.countTo.min.js]
[sira.webrouk.com/html/dark/js/jquery.nicescroll.min.js]
[sira.webrouk.com/html/dark/js/wow.min.js]
[sira.webrouk.com/html/dark/index.html]
[sira.webrouk.com/html/dark/js/script.js]
[sira.webrouk.com/html/dark/fonts/fontawesome-webfont3e6e.eot]
[sira.webrouk.com/html/dark/fonts/fontawesome-webfont3e6e.woff2]
[sira.webrouk.com/html/dark/fonts/fontawesome-webfont3e6e.woff]
[sira.webrouk.com/html/dark/fonts/fontawesome-webfontd41d.eot]
[sira.webrouk.com/html/dark/css/font-awesome.min.css]
[sira.webrouk.com/html/dark/css/normalize.min.css]
[sira.webrouk.com/html/dark/css/animate.min.css]
[sira.webrouk.com/html/dark/css/style.css]
[sira.webrouk.com/html/dark/fonts/fontawesome-webfont3e6e.ttf]
[sira.webrouk.com/html/dark/fonts/fontawesome-webfont3e6e.svg]
[sira.webrouk.com/html/dark/fonts/fontawesome-webfont3e6e.svg]
